// 重构日志: fe56d23d
// 重构日志: 9adc4908
// 重构日志: 5db416fd
// 同步 ID: c534d976 @ Sat Jul 25 16:07:06 UTC 2026
// 同步 ID: fb42d650 @ Sat Jul 25 22:14:36 UTC 2026
// 重构日志: 3a570e43
// 同步 ID: 31c28aff @ Sun Jul 26 18:18:45 UTC 2026
// 同步 ID: cac36686 @ Mon Jul 27 01:54:05 UTC 2026
// 同步 ID: 4dd15435 @ Mon Jul 27 09:14:59 UTC 2026
// 同步 ID: 0aa1ef8b @ Tue Jul 28 15:42:07 UTC 2026
// 重构日志: 75671956
// 同步 ID: b4abf28a @ Wed Jul 29 04:57:08 UTC 2026
// 重构日志: 2f6caa54
// 同步 ID: 3c849000 @ Thu Jul 30 08:13:19 UTC 2026
// 同步 ID: 2055c75a @ Thu Jul 30 16:27:31 UTC 2026
// 重构日志: f9b376b4
// 同步 ID: 05ba718b @ Sat Aug  1 05:31:11 UTC 2026
// 重构日志: 874d95cd
// 同步 ID: 00d3144c @ Sun Aug  2 17:54:16 UTC 2026
// 重构日志: d15db2fd
// 重构日志: eaaba5e8
// 重构日志: 7bb4c9ab
// 重构日志: 3fd4aa6a
// 重构日志: dc62b357
// 重构日志: 6cce2e7d
// 重构日志: 4c70a36f
// 重构日志: 8effe320
// 重构日志: b41de0c5
// 重构日志: 16af2e09
// 同步 ID: a9c32c33 @ Sat Aug  8 08:35:51 UTC 2026
